(---------------------------------------------------------------------)
(                                                                     )
(    Allegro Netrev Import Logic                                      )
(                                                                     )
(    Drawing          : pc053a_toplevel_20.brd                        )
(    Software Version : 16.6-2015S055                                 )
(    Date/Time        : Thu Sep  1 16:02:07 2016                      )
(                                                                     )
(---------------------------------------------------------------------)


------ Directives ------------

Ripup etch:                  Yes
Ripup delete first segment:  No
Ripup retain bondwire:       No
Ripup symbols:               IfSame
Missing symbol has error:    No
DRC update:                  Yes
Schematic directory:         '/projects/HEP_Instrumentation/cad/designs/uob-hep-pc053a/trunk/design_files/worklib/pc053a_toplevel/packaged'
Design Directory:            '.'
Old design name:             '/projects/HEP_Instrumentation/cad/designs/uob-hep-pc053a/trunk/design_files/worklib/pc053a_toplevel/physical/pc053a_toplevel_20.brd'
New design name:             'pc053a_toplevel_21.brd'

CmdLine: netrev -proj /projects/HEP_Instrumentation/cad/designs/uob-hep-pc053a/trunk/design_files/pc053a_toplevel.cpm -y 2 -x -O /projects/HEP_Instrumentation/cad/designs/uob-hep-pc053a/trunk/design_files/worklib/pc053a_toplevel/physical/pc053a_toplevel_20.brd /projects/HEP_Instrumentation/cad/designs/uob-hep-pc053a/trunk/design_files/worklib/pc053a_toplevel/physical/pc053a_toplevel_21.brd -w /projects/HEP_Instrumentation/cad/designs/uob-hep-pc053a/trunk/design_files/temp/constraints_difference_report.xml -$

------ Preparing to read pst files ------

Starting to read /projects/HEP_Instrumentation/cad/designs/uob-hep-pc053a/trunk/design_files/worklib/pc053a_toplevel/packaged/pstchip.dat 
   Finished reading /projects/HEP_Instrumentation/cad/designs/uob-hep-pc053a/trunk/design_files/worklib/pc053a_toplevel/packaged/pstchip.dat (00:00:00.10)
Starting to read /projects/HEP_Instrumentation/cad/designs/uob-hep-pc053a/trunk/design_files/worklib/pc053a_toplevel/packaged/pstxprt.dat 
   Finished reading /projects/HEP_Instrumentation/cad/designs/uob-hep-pc053a/trunk/design_files/worklib/pc053a_toplevel/packaged/pstxprt.dat (00:00:00.00)
Starting to read /projects/HEP_Instrumentation/cad/designs/uob-hep-pc053a/trunk/design_files/worklib/pc053a_toplevel/packaged/pstxnet.dat 
   Finished reading /projects/HEP_Instrumentation/cad/designs/uob-hep-pc053a/trunk/design_files/worklib/pc053a_toplevel/packaged/pstxnet.dat (00:00:00.00)

------ Oversights/Warnings/Errors ------




===========================================================
Start Constraint Diff3 Import
	Constraint File:    /projects/HEP_Instrumentation/cad/designs/uob-hep-pc053a/trunk/design_files/worklib/pc053a_toplevel/packaged/pstcmdb.dat
	Allegro Baseline:   /tmp/#Taaaaad02375.tmp
	Schematic Baseline: /projects/HEP_Instrumentation/cad/designs/uob-hep-pc053a/trunk/design_files/worklib/pc053a_toplevel/packaged/pstcmbc.dat
	Start time: Thu Sep  1 16:02:07 2016
===========================================================
===========================================================
Finished Constraint Update	Time: Thu Sep  1 16:02:07 2016
===========================================================

------ Library Paths ------
MODULEPATH =  . 
           /cadence/psd15.1/share/local/pcb/modules 
           ../../../modules 
           ../../ltm9007_input_filter/physical 
           ../../ltm9007_8chan_v2/physical 
           ../../trenz_te0712/physical 
           ../../pc052a_single_amplifier/physical 
           ../../pc052b_resistive_splitter/physical 
           ../../pc052c_splitter_array/physical 

PSMPATH =  . 
           /projects/HEP_Instrumentation/cad/bris_cdslib/lib_psd14.x/symbols 
           /projects/HEP_Instrumentation/cad/bris_cdslib/lib_psd14.x/formats 
           /projects/HEP_Instrumentation/cad/cern_cdslib/lib_psd16.x/allegro_libs/pe_allegro_lib/symbols/connector 
           /projects/HEP_Instrumentation/cad/cern_cdslib/lib_psd16.x/allegro_libs/pe_allegro_lib/symbols/soic 
           /projects/HEP_Instrumentation/cad/cern_cdslib/lib_psd16.x/allegro_libs/pe_allegro_lib/symbols/discrete 
           /projects/HEP_Instrumentation/cad/cern_cdslib/lib_psd16.x/allegro_libs/pe_allegro_lib/symbols/dip 
           /projects/HEP_Instrumentation/cad/cern_cdslib/lib_psd16.x/allegro_libs/pe_allegro_lib/symbols/so 
           /projects/HEP_Instrumentation/cad/cern_cdslib/lib_psd16.x/allegro_libs/pe_allegro_lib/symbols/bga 
           /projects/HEP_Instrumentation/cad/cern_cdslib/lib_psd16.x/allegro_libs/pe_allegro_lib/symbols/qfp 
           /projects/HEP_Instrumentation/cad/cern_cdslib/lib_psd16.x/allegro_libs/pe_allegro_lib/symbols/passif 
           /projects/HEP_Instrumentation/cad/cern_cdslib/lib_psd16.x/allegro_libs/pe_allegro_lib/symbols/cap 
           /projects/HEP_Instrumentation/cad/cern_cdslib/lib_psd16.x/allegro_libs/pe_allegro_lib/symbols/led 
           /projects/HEP_Instrumentation/cad/cern_cdslib/lib_psd16.x/allegro_libs/pe_allegro_lib/symbols/rel 
           /projects/HEP_Instrumentation/cad/ral_cdslib/lib_psd15.x/symbols 
           /projects/HEP_Instrumentation/cad/cern_cdslib/lib_psd16.x/allegro_libs/pe_allegro_lib/symbols/sw 
           /projects/HEP_Instrumentation/cad/cern_cdslib/lib_psd16.x/allegro_libs/pe_allegro_lib/symbols/mec 

PADPATH =  . 
           symbols 
           .. 
           ../symbols 
           /software/CAD/Cadence/2015-16/RHELx86/SPB_16.60.055/share/local/pcb/padstacks 
           /software/CAD/Cadence/2015-16/RHELx86/SPB_16.60.055/share/pcb/pcb_lib/symbols 
           /software/CAD/Cadence/2015-16/RHELx86/SPB_16.60.055/share/pcb/allegrolib/symbols 
           /projects/HEP_Instrumentation/cad/bris_cdslib/lib_psd14.x/pads 
           /projects/HEP_Instrumentation/cad/cern_cdslib/lib_psd16.x/allegro_libs/pe_allegro_lib/padstacks/padstack_smd 
           /projects/HEP_Instrumentation/cad/cern_cdslib/lib_psd16.x/allegro_libs/pe_allegro_lib/padstacks/padstack3 
           /projects/HEP_Instrumentation/cad/cern_cdslib/lib_psd16.x/allegro_libs/pe_allegro_lib/padstacks/padstackm 
           /projects/HEP_Instrumentation/cad/ral_cdslib/lib_psd15.x/pads 


------ Summary Statistics ------


netrev run on Sep 1 16:02:07 2016
   DESIGN NAME : 'PC053A_TOPLEVEL'
   PACKAGING ON 01-Sep-2016 AT 16:02:04

   COMPILE 'logic'
   CHECK_PIN_NAMES OFF
   CROSS_REFERENCE OFF
   DIRECTORIES  <none>
   FEEDBACK OFF
   INCREMENTAL OFF
   INTERFACE_TYPE PHYSICAL
   LIBRARIES  'uob_hep_pc053a_lib' 'cnstandard' 'cnpower' 'cnconnector'
              'cndiscrete' 'cninterface' 'cnlinear' 'cnmemory' 'cnspecial'
              'cnmech' 'cncmos' 'standard' 'bris_cds_standard' 'bris_cds_logic'
              'cnpassive' 'bris_cds_analogue' 'bris_cds_discrete'
   MASTER_LIBRARIES  <none>
   MAX_ERRORS 500
   MERGE_MINIMUM 5
   NET_NAME_CHARS '#%&()*+-./:=>?@[]^_`|'
   NET_NAME_LENGTH 24
   OVERSIGHTS ON
   REPLACE_CHECK OFF
   SINGLE_NODE_NETS ON
   SPLIT_MINIMUM 0
   SUPPRESS   20
   WARNINGS ON

 No error detected
 No oversight detected
 No warning detected

cpu time      0:00:01
elapsed time  0:00:00

